error: ink! trait definitions cannot be unsafe
 --> $DIR/definition_unsafe.rs:4:5
  |
4 | pub unsafe trait TraitDefinition {
  |     ^^^^^^
