error: encountered invalid Rust identifier for the ink! namespace configuration parameter
 --> $DIR/invalid_namespace_1.rs:3:37
  |
3 | #[ink::trait_definition(namespace = "::invalid::rust::identifier")]
  |                                     ^^^^^^^^^^^^^^^^^^^^^^^^^^^^^
