error: unknown ink! attribute (path)
 --> $DIR/invalid_selector_2.rs:5:20
  |
5 |     #[ink(message, selector)]
  |                    ^^^^^^^^
