error: ink! trait methods with default implementations are not supported
 --> $DIR/message_default_impl.rs:6:23
  |
6 |     fn message(&self) {}
  |                       ^^
