error: encountered conflicting ink! attribute argument
 --> $DIR/message_constructor_conflict.rs:5:20
  |
5 |     #[ink(message, constructor)]
  |                    ^^^^^^^^^^^
