error: missing or malformed `&self` or `&mut self` receiver for ink! message
 --> $DIR/message_receiver_invalid_1.rs:6:5
  |
6 |     fn message();
  |     ^^^^^^^^^^^^
