error: ink! constructor arguments must have an identifier
  --> $DIR/constructor-input-pattern.rs:10:28
   |
10 |         pub fn constructor((_a, _b): (i32, i32)) -> Self {
   |                            ^^^^^^^^^^^^^^^^^^^^
