error: ink! constructors must not be async
  --> $DIR/constructor-async.rs:10:13
   |
10 |         pub async fn constructor() -> Self {
   |             ^^^^^
